delayedDescriptorReplicationFactor= {
      1, 1}
edition=3
masterTableNumber=0
bufrHeaderSubCentre=0
bufrHeaderCentre=98
updateSequenceNumber=0
dataCategory=1
dataSubCategory=110
masterTablesVersionNumber=24
localTablesVersionNumber=0
typicalYearOfCentury=12
typicalMonth=10
typicalDay=31
typicalHour=0
typicalMinute=2
numberOfSubsets=1
observedData=1
compressedData=0
unexpandedDescriptors=307080
blockNumber=MISSING
stationNumber=MISSING
stationOrSiteName=MISSING
stationType=MISSING
year=MISSING
month=MISSING
day=MISSING
hour=MISSING
minute=MISSING
latitude=MISSING
longitude=MISSING
heightOfStationGroundAboveMeanSeaLevel=MISSING
heightOfBarometerAboveMeanSeaLevel=MISSING
nonCoordinatePressure=MISSING
pressureReducedToMeanSeaLevel=MISSING
3HourPressureChange=MISSING
characteristicOfPressureTendency=MISSING
24HourPressureChange=MISSING
pressure=MISSING
nonCoordinateGeopotentialHeight=MISSING
#1#heightOfSensorAboveLocalGroundOrDeckOfMarinePlatform=MISSING
airTemperature=MISSING
dewpointTemperature=MISSING
relativeHumidity=MISSING
#2#heightOfSensorAboveLocalGroundOrDeckOfMarinePlatform=MISSING
horizontalVisibility=MISSING
#3#heightOfSensorAboveLocalGroundOrDeckOfMarinePlatform=MISSING
totalPrecipitationPast24Hours=MISSING
#4#heightOfSensorAboveLocalGroundOrDeckOfMarinePlatform=MISSING
cloudCoverTotal=MISSING
#1#verticalSignificanceSurfaceObservations=MISSING
#1#cloudAmount=MISSING
#1#heightOfBaseOfCloud=MISSING
#1#cloudType=MISSING
#2#cloudType=MISSING
#3#cloudType=MISSING
#2#verticalSignificanceSurfaceObservations=MISSING
#2#cloudAmount=MISSING
#4#cloudType=MISSING
#2#heightOfBaseOfCloud=MISSING
#3#verticalSignificanceSurfaceObservations=MISSING
#3#cloudAmount=MISSING
#5#cloudType=MISSING
heightOfTopOfCloud=MISSING
cloudTopDescription=MISSING
#4#verticalSignificanceSurfaceObservations=MISSING
#1#trueDirectionFromWhichAPhenomenonOrCloudsAreMovingOrInWhichTheyAreObserved=MISSING
#5#verticalSignificanceSurfaceObservations=MISSING
#2#trueDirectionFromWhichAPhenomenonOrCloudsAreMovingOrInWhichTheyAreObserved=MISSING
#6#verticalSignificanceSurfaceObservations=MISSING
#3#trueDirectionFromWhichAPhenomenonOrCloudsAreMovingOrInWhichTheyAreObserved=MISSING
#7#verticalSignificanceSurfaceObservations=MISSING
#1#bearingOrAzimuth=MISSING
#1#elevation=MISSING
#6#cloudType=MISSING
#2#bearingOrAzimuth=MISSING
#2#elevation=MISSING
stateOfGround=MISSING
totalSnowDepth=MISSING
groundMinimumTemperaturePast12Hours=MISSING
presentWeather=MISSING
#1#timePeriod=MISSING
pastWeather1=MISSING
pastWeather2=MISSING
#2#timePeriod=MISSING
#1#totalSunshine=MISSING
#3#timePeriod=MISSING
#2#totalSunshine=MISSING
#5#heightOfSensorAboveLocalGroundOrDeckOfMarinePlatform=MISSING
#4#timePeriod=MISSING
#1#totalPrecipitationOrTotalWaterEquivalent=MISSING
#5#timePeriod=MISSING
#2#totalPrecipitationOrTotalWaterEquivalent=MISSING
#6#heightOfSensorAboveLocalGroundOrDeckOfMarinePlatform=MISSING
#6#timePeriod=MISSING
#7#timePeriod=MISSING
maximumTemperatureAtHeightAndOverPeriodSpecified=MISSING
#8#timePeriod=MISSING
#9#timePeriod=MISSING
minimumTemperatureAtHeightAndOverPeriodSpecified=MISSING
#7#heightOfSensorAboveLocalGroundOrDeckOfMarinePlatform=MISSING
instrumentationForWindMeasurement=MISSING
#1#timeSignificance=MISSING
#10#timePeriod=MISSING
windDirection=MISSING
windSpeed=MISSING
#2#timeSignificance=MISSING
#11#timePeriod=MISSING
#1#maximumWindGustDirection=MISSING
#1#maximumWindGustSpeed=MISSING
#12#timePeriod=MISSING
#2#maximumWindGustDirection=MISSING
#2#maximumWindGustSpeed=MISSING
#8#heightOfSensorAboveLocalGroundOrDeckOfMarinePlatform=MISSING
#13#timePeriod=MISSING
typeOfInstrumentationForEvaporationMeasurement=MISSING
evaporation=MISSING
#14#timePeriod=MISSING
#1#longWaveRadiationIntegratedOverPeriodSpecified=MISSING
#1#shortWaveRadiationIntegratedOverPeriodSpecified=MISSING
#1#netRadiationIntegratedOverPeriodSpecified=MISSING
#1#globalSolarRadiationIntegratedOverPeriodSpecified=MISSING
#1#diffuseSolarRadiationIntegratedOverPeriodSpecified=MISSING
#1#directSolarRadiationIntegratedOverPeriodSpecified=MISSING
#15#timePeriod=MISSING
#2#longWaveRadiationIntegratedOverPeriodSpecified=MISSING
#2#shortWaveRadiationIntegratedOverPeriodSpecified=MISSING
#2#netRadiationIntegratedOverPeriodSpecified=MISSING
#2#globalSolarRadiationIntegratedOverPeriodSpecified=MISSING
#2#diffuseSolarRadiationIntegratedOverPeriodSpecified=MISSING
#2#directSolarRadiationIntegratedOverPeriodSpecified=MISSING
#16#timePeriod=MISSING
#17#timePeriod=MISSING
temperatureChangeOverSpecifiedPeriod=MISSING

